
> freebuff-desktop@1.0.0 dev
> vite

Port 5173 is in use, trying another one...
Port 5174 is in use, trying another one...
Port 5175 is in use, trying another one...
Port 5176 is in use, trying another one...

  [32m[1mVITE[22m v5.4.21[39m  [2mready in [0m[1m576[22m[2m[0m ms[22m

  [32m➜[39m  [1mLocal[22m:   [36mhttp://localhost:[1m5177[22m/[39m
[2m  [32m➜[39m  [1mNetwork[22m[2m: use [22m[1m--host[22m[2m to expose[22m
[2m7:49:50 PM[22m [36m[1m[vite][22m[39m changed tsconfig file detected: D:\FlowSync\tsconfig.json - Clearing cache and forcing full-reload to ensure TypeScript is compiled with updated config values.
[2m7:49:53 PM[22m [36m[1m[vite][22m[39m changed tsconfig file detected: D:\FlowSync\tsconfig.json - Clearing cache and forcing full-reload to ensure TypeScript is compiled with updated config values.
[2m7:49:55 PM[22m [36m[1m[vite][22m[39m changed tsconfig file detected: D:\FlowSync\tsconfig.json - Clearing cache and forcing full-reload to ensure TypeScript is compiled with updated config values.
[2m7:49:59 PM[22m [36m[1m[vite][22m[39m changed tsconfig file detected: D:\FlowSync\tsconfig.json - Clearing cache and forcing full-reload to ensure TypeScript is compiled with updated config values.
[2m7:50:04 PM[22m [36m[1m[vite][22m[39m changed tsconfig file detected: D:\FlowSync\tsconfig.json - Clearing cache and forcing full-reload to ensure TypeScript is compiled with updated config values.
[2m7:54:05 PM[22m [36m[1m[vite][22m[39m changed tsconfig file detected: D:\FlowSync\tsconfig.json - Clearing cache and forcing full-reload to ensure TypeScript is compiled with updated config values.
[2m7:54:10 PM[22m [36m[1m[vite][22m[39m changed tsconfig file detected: D:\FlowSync\tsconfig.json - Clearing cache and forcing full-reload to ensure TypeScript is compiled with updated config values.
[2m7:54:18 PM[22m [36m[1m[vite][22m[39m changed tsconfig file detected: D:\FlowSync\tsconfig.json - Clearing cache and forcing full-reload to ensure TypeScript is compiled with updated config values.
[2m7:54:21 PM[22m [36m[1m[vite][22m[39m changed tsconfig file detected: D:\FlowSync\tsconfig.json - Clearing cache and forcing full-reload to ensure TypeScript is compiled with updated config values.
[2m7:54:24 PM[22m [36m[1m[vite][22m[39m changed tsconfig file detected: D:\FlowSync\tsconfig.json - Clearing cache and forcing full-reload to ensure TypeScript is compiled with updated config values.
[2m7:54:25 PM[22m [36m[1m[vite][22m[39m changed tsconfig file detected: D:\FlowSync\tsconfig.json - Clearing cache and forcing full-reload to ensure TypeScript is compiled with updated config values.
[2m7:54:30 PM[22m [36m[1m[vite][22m[39m changed tsconfig file detected: D:\FlowSync\tsconfig.json - Clearing cache and forcing full-reload to ensure TypeScript is compiled with updated config values.
[2m8:59:10 PM[22m [36m[1m[vite][22m[39m changed tsconfig file detected: D:\FlowSync\tsconfig.json - Clearing cache and forcing full-reload to ensure TypeScript is compiled with updated config values.
